[backblue.gif]
[fade.gif]
[index.html]
[www.corpoidealsuplementos.com.br/custom/content/themes/corpo-ideal-2013/favicon.ico]
[www.corpoidealsuplementos.com.br/asset27d6.css]
[www.corpoidealsuplementos.com.br/Custom/Content/Themes/corpo-ideal-2013/Styles/jquery-1.11.0.min.js]
[ajax.googleapis.com/ajax/libs/jqueryui/1.10.4/jquery-ui.min.js]
[connect.facebook.net/pt_BR/all.js]
[platform.twitter.com/widgets.js]
[apis.google.com/js/platform.js]
[www.corpoidealsuplementos.com.br/Login0e6b.html]
[www.corpoidealsuplementos.com.br/carrinho.html]
[www.corpoidealsuplementos.com.br/proteinas.html]
[www.corpoidealsuplementos.com.br/proteinas/whey-protein-isolado.html]
[www.corpoidealsuplementos.com.br/proteinas/whey-protein.html]
[www.corpoidealsuplementos.com.br/proteinas/albumina.html]
[www.corpoidealsuplementos.com.br/massa-muscular.html]
[www.corpoidealsuplementos.com.br/massa-muscular/nitro-no2.html]
[www.corpoidealsuplementos.com.br/massa-muscular/hipercaloricos-massa.html]
[www.corpoidealsuplementos.com.br/emagrecimento.html]
[www.corpoidealsuplementos.com.br/emagrecimento/acidos-graxos-essenciais-cl-la.html]
[www.corpoidealsuplementos.com.br/emagrecimento/chromium.html]
[www.corpoidealsuplementos.com.br/emagrecimento/termogenicos-e-queimadores-de-gordura.html]
[www.corpoidealsuplementos.com.br/energia.html]
[www.corpoidealsuplementos.com.br/energia/carboidratos.html]
[www.corpoidealsuplementos.com.br/energia/dextrose.html]
[www.corpoidealsuplementos.com.br/energia/ribose.html]
[www.corpoidealsuplementos.com.br/aminoacidos.html]
[www.corpoidealsuplementos.com.br/aminoacidos/tabletes.html]
[www.corpoidealsuplementos.com.br/aminoacidos/liquidos.html]
[www.corpoidealsuplementos.com.br/aminoacidos/bcaa.html]
[www.corpoidealsuplementos.com.br/nutricosmeticos.html]
[www.corpoidealsuplementos.com.br/nutricosmeticos/pele.html]
[www.corpoidealsuplementos.com.br/nutricosmeticos/beleza-e-higiene.html]
[www.corpoidealsuplementos.com.br/nutricosmeticos/anti-celulite.html]
[www.corpoidealsuplementos.com.br/acessorios.html]
[www.corpoidealsuplementos.com.br/acessorios/shaker-coqueteleira.html]
[www.corpoidealsuplementos.com.br/acessorios/squeeze-garrafinha.html]
[www.corpoidealsuplementos.com.br/acessorios/cinto.html]
[www.corpoidealsuplementos.com.br/vitaminas-fitoterapicos.html]
[www.corpoidealsuplementos.com.br/vitaminas-fitoterapicos/antioxidantes.html]
[www.corpoidealsuplementos.com.br/vitaminas-fitoterapicos/multivitaminicos.html]
[www.corpoidealsuplementos.com.br/vitaminas-fitoterapicos/lubrificantes-de-articulacoes.html]
[www.corpoidealsuplementos.com.br/artigos-esportivos.html]
[www.corpoidealsuplementos.com.br/artigos-esportivos/artes-marciais.html]
[www.corpoidealsuplementos.com.br/artigos-esportivos/luvas-p-artes-marciais.html]
[www.corpoidealsuplementos.com.br/artigos-esportivos/protetores.html]
[ci07.ezcdn.com.br/Custom/Content/Banners/70/70_banner.jpg]
[www.corpoidealsuplementos.com.br/definicao-muscular.html]
[www.corpoidealsuplementos.com.br/ganho-de-musculo.html]
[www.corpoidealsuplementos.com.br/manutencao-muscular.html]
[www.corpoidealsuplementos.com.br/ganho-de-peso.html]
[www.corpoidealsuplementos.com.br/pump-muscular-no2.html]
[www.corpoidealsuplementos.com.br/energia-e-performance.html]
[www.corpoidealsuplementos.com.br/emagrecer.html]
[www.corpoidealsuplementos.com.br/reducao-de-medidas.html]
[www.corpoidealsuplementos.com.br/estetica.html]
[www.corpoidealsuplementos.com.br/saude-e-bem-estar.html]
[ci07.ezcdn.com.br/Custom/Content/Banners/35/35_banner.jpg]
[ci07.ezcdn.com.br/Custom/Content/Banners/55/55_banner.jpg]
[www.corpoidealsuplementos.com.br/marcas/3vs-nutrition.html]
[www.corpoidealsuplementos.com.br/marcas/4-plus-nutrition-285.html]
[www.corpoidealsuplementos.com.br/marcas/allmax-nutrition-222.html]
[www.corpoidealsuplementos.com.br/marcas/america-168.html]
[www.corpoidealsuplementos.com.br/marcas/ansi-257.html]
[www.corpoidealsuplementos.com.br/marcas/arnold-schwarzenegger-series.html]
[www.corpoidealsuplementos.com.br/marcas/ast-sports-science-179.html]
[www.corpoidealsuplementos.com.br/marcas/atlhetica-nutrition-174.html]
[www.corpoidealsuplementos.com.br/marcas/barlean-s-212.html]
[www.corpoidealsuplementos.com.br/marcas/beauty-fit.html]
[www.corpoidealsuplementos.com.br/marcas/blender-bottle-241.html]
[www.corpoidealsuplementos.com.br/marcas/body-nutry-260.html]
[www.corpoidealsuplementos.com.br/marcas/bodyaction-181.html]
[www.corpoidealsuplementos.com.br/marcas/bpi-sports-262.html]
[www.corpoidealsuplementos.com.br/marcas/bsn-218.html]
[www.corpoidealsuplementos.com.br/marcas/cell-force.html]
[www.corpoidealsuplementos.com.br/marcas/champion-nutrition-250.html]
[www.corpoidealsuplementos.com.br/marcas/coach-270.html]
[www.corpoidealsuplementos.com.br/marcas/corpo-ideal-183.html]
[www.corpoidealsuplementos.com.br/marcas/country-life-194.html]
[www.corpoidealsuplementos.com.br/marcas/crossfit-by-harbinger-311.html]
[www.corpoidealsuplementos.com.br/marcas/cyclone-cup.html]
[www.corpoidealsuplementos.com.br/marcas/cytosport-180.html]
[www.corpoidealsuplementos.com.br/marcas/dark-cyde-299.html]
[www.corpoidealsuplementos.com.br/marcas/dragao-kimonos-175.html]
[www.corpoidealsuplementos.com.br/marcas/dymatize-190.html]
[www.corpoidealsuplementos.com.br/marcas/eas-208.html]
[www.corpoidealsuplementos.com.br/marcas/fast-nutrition-244.html]
[www.corpoidealsuplementos.com.br/marcas/flexfit-255.html]
[www.corpoidealsuplementos.com.br/marcas/gaspari-nutrition-220.html]
[www.corpoidealsuplementos.com.br/marcas/gat-228.html]
[www.corpoidealsuplementos.com.br/marcas/grenade.html]
[www.corpoidealsuplementos.com.br/marcas/hammer-nutrition-176.html]
[www.corpoidealsuplementos.com.br/marcas/harbinger-170.html]
[www.corpoidealsuplementos.com.br/marcas/hayabusa-202.html]
[www.corpoidealsuplementos.com.br/marcas/hydrapack.html]
[www.corpoidealsuplementos.com.br/marcas/infinity-nutrition-273.html]
[www.corpoidealsuplementos.com.br/marcas/integralmedica-173.html]
[www.corpoidealsuplementos.com.br/marcas/intlab-277.html]
[www.corpoidealsuplementos.com.br/marcas/jay-cutler-elite-series.html]
[www.corpoidealsuplementos.com.br/marcas/keeppack-298.html]
[www.corpoidealsuplementos.com.br/marcas/kit-279.html]
[www.corpoidealsuplementos.com.br/marcas/kt-tape-229.html]
[www.corpoidealsuplementos.com.br/marcas/labrada-196.html]
[www.corpoidealsuplementos.com.br/marcas/max-titanium-210.html]
[www.corpoidealsuplementos.com.br/marcas/mednutrition-263.html]
[www.corpoidealsuplementos.com.br/marcas/mhp-201.html]
[www.corpoidealsuplementos.com.br/marcas/midway.html]
[www.corpoidealsuplementos.com.br/marcas/mixer-twist.html]
[www.corpoidealsuplementos.com.br/marcas/mlife-300.html]
[www.corpoidealsuplementos.com.br/marcas/mp-223.html]
[www.corpoidealsuplementos.com.br/marcas/mri-246.html]
[www.corpoidealsuplementos.com.br/marcas/musckit-280.html]
[www.corpoidealsuplementos.com.br/marcas/musclemeds-230.html]
[www.corpoidealsuplementos.com.br/marcas/muscletech-214.html]
[www.corpoidealsuplementos.com.br/marcas/myfuel-281.html]
[www.corpoidealsuplementos.com.br/marcas/natures-best-191.html]
[www.corpoidealsuplementos.com.br/marcas/naturovos-272.html]
[www.corpoidealsuplementos.com.br/marcas/neonutri-189.html]
[www.corpoidealsuplementos.com.br/marcas/new-era-256.html]
[www.corpoidealsuplementos.com.br/marcas/new-millen.html]
[www.corpoidealsuplementos.com.br/marcas/nutrabolics-234.html]
[www.corpoidealsuplementos.com.br/marcas/nutrex-225.html]
[www.corpoidealsuplementos.com.br/marcas/nutrice-207.html]
[www.corpoidealsuplementos.com.br/marcas/nutrilatina-age-187.html]
[www.corpoidealsuplementos.com.br/marcas/optimum-nutrition-193.html]
[www.corpoidealsuplementos.com.br/marcas/pacific-health-216.html]
[www.corpoidealsuplementos.com.br/marcas/performance-nutrition-278.html]
[www.corpoidealsuplementos.com.br/marcas/pnt-303.html]
[www.corpoidealsuplementos.com.br/marcas/power-crunch-274.html]
[www.corpoidealsuplementos.com.br/marcas/power-supplements-302.html]
[www.corpoidealsuplementos.com.br/marcas/pretorian-239.html]
[www.corpoidealsuplementos.com.br/marcas/pro-premium-line-200.html]
[www.corpoidealsuplementos.com.br/marcas/probiotica-169.html]
[www.corpoidealsuplementos.com.br/marcas/prolab-205.html]
[www.corpoidealsuplementos.com.br/marcas/rennovee-242.html]
[www.corpoidealsuplementos.com.br/marcas/rodolfo-peres-by-atlhetica-312.html]
[www.corpoidealsuplementos.com.br/marcas/scarpelly-261.html]
[www.corpoidealsuplementos.com.br/marcas/scivation-227.html]
[www.corpoidealsuplementos.com.br/marcas/smartshake-269.html]
[www.corpoidealsuplementos.com.br/marcas/spring-286.html]
[www.corpoidealsuplementos.com.br/marcas/stacker-206.html]
[www.corpoidealsuplementos.com.br/marcas/steel-nutrition-184.html]
[www.corpoidealsuplementos.com.br/marcas/syntrax-178.html]
[www.corpoidealsuplementos.com.br/marcas/terra-verde.html]
[www.corpoidealsuplementos.com.br/marcas/twinlab-197.html]
[www.corpoidealsuplementos.com.br/marcas/ufc-231.html]
[www.corpoidealsuplementos.com.br/marcas/ultimate-nutrition-177.html]
[www.corpoidealsuplementos.com.br/marcas/universal-nutrition-172.html]
[www.corpoidealsuplementos.com.br/marcas/usplabs-268.html]
[www.corpoidealsuplementos.com.br/marcas/valeo-185.html]
[www.corpoidealsuplementos.com.br/marcas/vitaminlife-203.html]
[www.corpoidealsuplementos.com.br/marcas/vpx-sports-217.html]
[www.corpoidealsuplementos.com.br/marcas/xcore-nutrition-284.html]
[www.corpoidealsuplementos.com.br/marcas/x-pharma.html]
[www.corpoidealsuplementos.com.br/marcas/zipvit-sports.html]
[ci07.ezcdn.com.br/Custom/Content/Banners/57/57_banner.jpg]
[www.corpoidealsuplementos.com.br/listas/top-proteinas.html]
[www.corpoidealsuplementos.com.br/listas/top-hipercaloricos.html]
[www.corpoidealsuplementos.com.br/listas/top-queimadores-de-gordura.html]
[www.corpoidealsuplementos.com.br/listas/top-acessorios.html]
[www.corpoidealsuplementos.com.br/listas/top-pre-treino.html]
[www.corpoidealsuplementos.com.br/listas/top-nutricosmeticos.html]
[ci07.ezcdn.com.br/Custom/Content/Banners/12/126_banner635326620120937889.jpg]
[www.corpoidealsuplementos.com.br/listas/comprou-ganhou.html]
[www.corpoidealsuplementos.com.br/produtos/lancamento.html]
[www.corpoidealsuplementos.com.br/produtos/frete-gratis.html]
[www.corpoidealsuplementos.com.br/conteudo/institucional.html]
[www.corpoidealsuplementos.com.br/conteudo/institucional/sobre-nos.html]
[www.corpoidealsuplementos.com.br/conteudo/institucional/lojas-fisicas.html]
[www.corpoidealsuplementos.com.br/conteudo/suporte-e-politica.html]
[www.corpoidealsuplementos.com.br/conteudo/suporte-e-politica/como-comprar.html]
[www.corpoidealsuplementos.com.br/conteudo/suporte-e-politica/formas-de-pagamento.html]
[www.corpoidealsuplementos.com.br/conteudo/suporte-e-politica/politica-de-entrega.html]
[www.corpoidealsuplementos.com.br/conteudo/suporte-e-politica/seguranca-e-privacidade.html]
[www.corpoidealsuplementos.com.br/conteudo/suporte-e-politica/trocas-e-devolucoes.html]
[www.corpoidealsuplementos.com.br/central-de-atendimento.html]
[www.corpoidealsuplementos.com.br/conteudo/canais.html]
[www.corpoidealsuplementos.com.br/conteudo/siga-nos.html]
[ci08.ezcdn.com.br/Custom/Content/Banners/15/153_banner635346173859049407.png]
[ci07.ezcdn.com.br/Custom/Content/Banners/15/156_banner635354873224510659.png]
[ci07.ezcdn.com.br/Custom/Content/Banners/15/155_banner635351350213998851.jpg]
[ci07.ezcdn.com.br/Custom/Content/Banners/15/154_banner635348845741933319.png]
[ci07.ezcdn.com.br/Custom/Content/Banners/15/152_banner635343902000556485.png]
[admin.corpoidealsuplementos.com.br/Custom/Content/Themes/corpo-ideal-2013/Templates/Hotsite/ajax-loader.gif]
[www.corpoidealsuplementos.com.br/muscle-whey-protein-900g-neonutri-edicao-limitada-7488-p240136.html]
[ci09.ezcdn.com.br/Custom/Content/Flags/0009_flaga51f.png]
[ci08.ezcdn.com.br/Custom/Content/Products/24/01/240136_Small1.jpg]
[www.corpoidealsuplementos.com.br/Custom/Content/Themes/corpo-ideal-2013/Images/ver-mais.png]
[www.corpoidealsuplementos.com.br/havoc-66-packs-neonutri-1471-p38920.html]
[www.corpoidealsuplementos.com.br/Custom/Content/Themes/Shared/Images/cat-baner/havoc-vitrine.png]
[www.corpoidealsuplementos.com.br/100-pure-whey-protein-900g-probiotica-p37692.html]
[ci07.ezcdn.com.br/Custom/Content/Products/00/92/265_Small1.jpg]
[www.corpoidealsuplementos.com.br/beta-192g-neonutri-7515-p240172.html]
[ci08.ezcdn.com.br/Custom/Content/Products/24/01/240172_Small1.jpg]
[www.corpoidealsuplementos.com.br/blender-corpo-ideal-28oz-corpo-i-7374-p239947.html]
[ci08.ezcdn.com.br/Custom/Content/Products/23/99/239947_Small1.jpg]
[www.corpoidealsuplementos.com.br/roxylean-60-caps-bpi-sports-7549-p240222.html]
[ci08.ezcdn.com.br/Custom/Content/Products/24/02/240222_Small2.jpg]
[www.corpoidealsuplementos.com.br/oxyelite-pro-60-caps-usp-labs-1651-p39247.html]
[ci08.ezcdn.com.br/Custom/Content/Products/39/24/39247_Small3.jpg]
[www.corpoidealsuplementos.com.br/100-whey-900g-infinity-nutrition-1745-p39402.html]
[ci08.ezcdn.com.br/Custom/Content/Products/00/02/3918_Small1.jpg]
[www.corpoidealsuplementos.com.br/1-m-r-vortex-150g-bpi-sports-7539-p240211.html]
[ci07.ezcdn.com.br/Custom/Content/Products/24/02/240211_Small3.jpg]
[www.corpoidealsuplementos.com.br/hemo-rage-black-ultra-concentrado-138g-nutrex-1298-p38625.html]
[ci07.ezcdn.com.br/Custom/Content/Products/38/62/38625_Small2.jpg]
[www.corpoidealsuplementos.com.br/ultimate-whey-pro-990g-3vs-nutrition-7127-p186959.html]
[ci08.ezcdn.com.br/Custom/Content/Products/18/69/186959_Small6.jpg]
[www.corpoidealsuplementos.com.br/arnold-iron-cre3-126g-musclepharm-7206-p232418.html]
[ci08.ezcdn.com.br/Custom/Content/Products/23/24/232418_Small1.jpg]
[www.corpoidealsuplementos.com.br/glutamine-science-recovery-1000-powder-600g-performance-6084-p83116.html]
[ci07.ezcdn.com.br/Custom/Content/Products/83/11/83116_Small1.jpg]
[www.corpoidealsuplementos.com.br/veinox-120-caps-power-supplements-7558-p240253.html]
[ci07.ezcdn.com.br/Custom/Content/Products/24/02/240253_Small1.jpg]
[www.corpoidealsuplementos.com.br/listas/compre1-ganhe-outro.html]
[www.corpoidealsuplementos.com.br/Custom/Content/Themes/Shared/Images/cat-baner/banner-vitrine-3vs.png]
[www.corpoidealsuplementos.com.br/infinity-burn-120-caps-infinity-nutrition-7246-p232465.html]
[ci10.ezcdn.com.br/Custom/Content/Flags/0006_flag8b4e.png]
[ci08.ezcdn.com.br/Custom/Content/Products/23/24/232465_Small1.jpg]
[www.corpoidealsuplementos.com.br/combo-whey-3w-chocolate-no2-expand-shaker-7523-p240190.html]
[ci07.ezcdn.com.br/Custom/Content/Products/24/01/240190_Small2.jpg]
[www.corpoidealsuplementos.com.br/syntha-6-nova-formula-1080g-bsn-1261-p38629.html]
[ci09.ezcdn.com.br/Custom/Content/Flags/0001_flag1d45.png]
[ci07.ezcdn.com.br/Custom/Content/Products/38/62/38629_Small6.jpg]
[www.corpoidealsuplementos.com.br/jet-fuse-nox-1066g-gat-1472-p38926.html]
[ci07.ezcdn.com.br/Custom/Content/Products/00/26/3636_Small1.jpg]
[www.corpoidealsuplementos.com.br/ultra-iso-whey-907g-universal-nutrition-1786-p39332.html]
[www.corpoidealsuplementos.com.br/Custom/Content/Themes/Shared/Images/cat-baner/universal-ultra-vitrine.png]
[ci07.ezcdn.com.br/Custom/Content/Banners/50/50_banner.jpg]
[ci07.ezcdn.com.br/Custom/Content/Banners/96/96_banner635222698827838223.jpg]
[ci07.ezcdn.com.br/Custom/Content/Banners/49/49_banner635180374925033616.jpg]
[www.corpoidealsuplementos.com.br/custom/content/themes/corpo-ideal-2013/marcas.html]
[www.corpoidealsuplementos.com.br/newsletter.html]
[www.corpoidealsuplementos.com.br/custom/content/themes/corpo-ideal-2013/facebook.html]
[www.corpoidealsuplementos.com.br/custom/content/themes/corpo-ideal-2013/ebit.html]
[www.corpoidealsuplementos.com.br/Custom/Content/Themes/corpo-ideal-2013/Images/clear-sale.png]
[www.corpoidealsuplementos.com.br/jsresource7b63.axd]
[www.corpoidealsuplementos.com.br/index.html]
[www.corpoidealsuplementos.com.br/custom/content/themes/corpo-ideal-2013/Images/menu-line.gif]
[www.corpoidealsuplementos.com.br/custom/content/themes/corpo-ideal-2013/Images/sprite.png]
[www.corpoidealsuplementos.com.br/custom/content/themes/corpo-ideal-2013/Images/sprite-buttons.png]
[www.corpoidealsuplementos.com.br/assetaec2.axd]
[www.corpoidealsuplementos.com.br/assetbc2c.axd]
[www.corpoidealsuplementos.com.br/Custom/Content/Themes/Default/Images/loading.gif]
[www.corpoidealsuplementos.com.br/custom/content/themes/corpo-ideal-2013/Images/input-error.png]
[www.corpoidealsuplementos.com.br/Custom/Content/Themes/corpo-ideal-2013/Images/subir.png]
[www.corpoidealsuplementos.com.br/Custom/Content/Themes/corpo-ideal-2013/Images/sprite-buttons-2.png]
[www.corpoidealsuplementos.com.br/Custom/Content/Themes/corpo-ideal-2013/Images/sprite-2.png]
[www.corpoidealsuplementos.com.br/custom/content/themes/corpo-ideal-2013/Images/sprite-x.png]
[www.corpoidealsuplementos.com.br/custom/content/themes/corpo-ideal-2013/Images/fale-conosco.jpg]
[www.corpoidealsuplementos.com.br/Custom/Content/Themes/corpo-ideal-2013/Images/mini-add-carrinho.png]
[www.corpoidealsuplementos.com.br/Custom/Content/Themes/corpo-ideal-2013/Images/mini-add-v.png]
[www.corpoidealsuplementos.com.br/Custom/Content/Themes/corpo-ideal-2013/Images/adicionar-ao-carrinho.png]
[www.corpoidealsuplementos.com.br/custom/content/themes/corpo-ideal-2013/Images/menu-line-tabs.gif]
[www.corpoidealsuplementos.com.br/custom/content/themes/corpo-ideal-2013/Images/sprite-rating.png]
[www.corpoidealsuplementos.com.br/custom/content/themes/corpo-ideal-2013/Images/tracking.png]
[ci10.ezcdn.com.br/Custom/Content/Themes/Shared/Images/Delivery/fe_fretegratis.jpg]
[www.corpoidealsuplementos.com.br/Custom/Content/Themes/corpo-ideal-2013/Templates/splash/close2.png]
[www.corpoidealsuplementos.com.br/Custom/Content/Themes/corpo-ideal-2013/Templates/splash/spinner.gif]
[www.corpoidealsuplementos.com.br/asset27d6.css]
[www.corpoidealsuplementos.com.br/Custom/Content/Themes/corpo-ideal-2013/Styles/jquery-1.11.0.min.js]
[connect.facebook.net/pt_BR/all.js]
[www.corpoidealsuplementos.com.br/Login.html]
[www.corpoidealsuplementos.com.br/ast/sscs828a.css]
[www.corpoidealsuplementos.com.br/cadastro.html]
[www.corpoidealsuplementos.com.br/Custom/Content/Banners/70/70_banner.jpg]
[www.corpoidealsuplementos.com.br/Custom/Content/Banners/35/35_banner.jpg]
[www.corpoidealsuplementos.com.br/Custom/Content/Banners/55/55_banner.jpg]
[www.corpoidealsuplementos.com.br/Custom/Content/Banners/57/57_banner.jpg]
[www.corpoidealsuplementos.com.br/Custom/Content/Banners/12/126_banner635326620120937889.jpg]
[www.corpoidealsuplementos.com.br/cadastro0e6b.html]
[www.corpoidealsuplementos.com.br/ast/ssjsebee.axd]
[www.corpoidealsuplementos.com.br/Login0e6b.html]
[www.corpoidealsuplementos.com.br/asseta1ab.axd]
[www.corpoidealsuplementos.com.br/asset834c.css]
[www.corpoidealsuplementos.com.br/listas/banner-top-30.html]
[www.corpoidealsuplementos.com.br/carrinho.html]
[www.corpoidealsuplementos.com.br/asset0756.axd]
[www.corpoidealsuplementos.com.br/proteinas119c.html]
[www.corpoidealsuplementos.com.br/scarpelly.html]
[www.corpoidealsuplementos.com.br/Custom/Content/Themes/Shared/Images/cat-baner/fundo-suplementos-de-proteinas.jpg]
[www.corpoidealsuplementos.com.br/Custom/Content/Themes/Shared/Images/cat-baner/liberte-seu-potencial.png]
[www.corpoidealsuplementos.com.br/proteinas96e0.html]
[www.corpoidealsuplementos.com.br/proteinasf934.html]
[www.corpoidealsuplementos.com.br/proteinas7f2f.html]
[www.corpoidealsuplementos.com.br/proteinasae4d.html]
[www.corpoidealsuplementos.com.br/proteinas71c6.html]
[www.corpoidealsuplementos.com.br/proteinascacd.html]
[www.corpoidealsuplementos.com.br/proteinas8496.html]
[www.corpoidealsuplementos.com.br/proteinas8a41.html]
[www.corpoidealsuplementos.com.br/proteinas38b8.html]
[www.corpoidealsuplementos.com.br/proteinas443f.html]
[www.corpoidealsuplementos.com.br/top-whey-3w-900g-max-titanium-518-p37590.html]
[ci07.ezcdn.com.br/Custom/Content/Products/00/90/2403_Small1.jpg]
[www.corpoidealsuplementos.com.br/100-whey-protein-2lb-909g-optimum-nutrition-1246-p38503.html]
[ci07.ezcdn.com.br/Custom/Content/Products/00/03/340_Small1.jpg]
[ci07.ezcdn.com.br/Custom/Content/Products/00/08/3883_Small1.jpg]
[www.corpoidealsuplementos.com.br/top-whey-3w-refil-1-8kg-max-titanium-516-p37580.html]
[ci08.ezcdn.com.br/Custom/Content/Products/00/80/2401_Small1.jpg]
[www.corpoidealsuplementos.com.br/100-whey-protein-5lb-2352g-optimum-nutrition-p39679.html]
[ci08.ezcdn.com.br/Custom/Content/Products/00/79/786_Small1.jpg]
[www.corpoidealsuplementos.com.br/nutri-whey-protein-refil-907g-integralmedica-1013-p38318.html]
[ci07.ezcdn.com.br/Custom/Content/Products/00/18/3163_Small1.jpg]
[www.corpoidealsuplementos.com.br/whey-pro-refil-1-5kg-max-titanium-p37585.html]
[ci08.ezcdn.com.br/Custom/Content/Products/00/85/2402_Small1.jpg]
[www.corpoidealsuplementos.com.br/total-whey-900g-max-titanium-1397-p38781.html]
[ci07.ezcdn.com.br/Custom/Content/Products/38/78/38781_Small2.jpg]
[www.corpoidealsuplementos.com.br/nutri-whey-protein-907g-integralmedica-1648-p39217.html]
[ci07.ezcdn.com.br/Custom/Content/Products/00/17/3809_Small1.jpg]
[www.corpoidealsuplementos.com.br/albumax-500g-max-titanium-p37226.html]
[ci07.ezcdn.com.br/Custom/Content/Products/00/26/1591_Small1.jpg]
[www.corpoidealsuplementos.com.br/100-whey-xtreme-900g-x-pharma-1313-p84222.html]
[ci07.ezcdn.com.br/Custom/Content/Products/84/22/84222_Small1.jpg]
[www.corpoidealsuplementos.com.br/super-albumin-500g-probiotica-millennium-1932-p39726.html]
[ci07.ezcdn.com.br/Custom/Content/Products/00/26/811_Small1.jpg]
